oneshot dispatch works